[2026-05-10 23:28:31] Error al establecer la conexión a la base de datos: Login failed for user 'AnelizEr'. ClientConnectionId:432db4f2-8a28-4af5-8750-717525442d1c
[2026-05-10 23:28:34] Error al establecer la conexión a la base de datos: Login failed for user 'AnelizEr'. ClientConnectionId:424874af-7945-48d9-a8d1-dd763dd0e243
[2026-05-10 23:28:41] Error al establecer la conexión a la base de datos: Login failed for user 'AnelizEr'. ClientConnectionId:4bc5c772-9360-4db9-9bd0-70bb64394341
[2026-05-10 23:39:00] Error al establecer la conexión a la base de datos: Login failed for user 'AnelizEr'. ClientConnectionId:4b8a83e4-e65c-44ee-93af-5efa2237d962
[2026-05-10 23:39:04] Error al establecer la conexión a la base de datos: Login failed for user 'AnelizEr'. ClientConnectionId:341fa1d7-f09b-4a18-abe7-36c3ed9c2cae
[2026-05-10 23:39:12] Error al establecer la conexión a la base de datos: Login failed for user 'AnelizEr'. ClientConnectionId:f3aca07e-8bdd-4913-a642-1bd9960946da
[2026-05-10 23:49:50] Error al establecer la conexión a la base de datos: Login failed for user 'AnelizEr'. ClientConnectionId:ddb07af6-b30c-416c-82ff-32abe19be4c1
[2026-05-10 23:49:50] Error al establecer la conexión a la base de datos: Login failed for user 'AnelizEr'. ClientConnectionId:8be39e34-2594-41ef-97e0-5ec09142cbd7
[2026-05-10 23:50:00] Error al establecer la conexión a la base de datos: Login failed for user 'AnelizEr'. ClientConnectionId:c0b8b4f8-3615-490f-96ef-a792e25f82ec
[2026-05-10 23:50:01] Error al establecer la conexión a la base de datos: Login failed for user 'AnelizEr'. ClientConnectionId:e0332e38-1a03-49b8-9023-9e4045f32b37
[2026-05-10 23:50:07] Error al establecer la conexión a la base de datos: Login failed for user 'AnelizEr'. ClientConnectionId:8ed332b8-dc32-4935-9ccf-d10f66efcfd9
[2026-05-10 23:50:09] Error al establecer la conexión a la base de datos: Login failed for user 'AnelizEr'. ClientConnectionId:9f2ef701-9e1b-4581-8959-f1761c0e4b08
[2026-05-10 23:50:21] Error al establecer la conexión a la base de datos: Login failed for user 'AnelizEr'. ClientConnectionId:10ae2ad4-0c19-46de-ba9b-a7be9a21d34e
[2026-05-10 23:50:23] Error al establecer la conexión a la base de datos: Login failed for user 'AnelizEr'. ClientConnectionId:87f87f97-efef-443c-9bc4-6f1fa34be1ab
[2026-05-10 23:50:32] Error al establecer la conexión a la base de datos: Login failed for user 'AnelizEr'. ClientConnectionId:42255b41-41cf-42d2-81eb-189ed856fc74
[2026-05-10 23:50:34] Error al establecer la conexión a la base de datos: Login failed for user 'AnelizEr'. ClientConnectionId:945b8353-b844-4b39-a7e0-702ca661f3f1
[2026-05-10 23:50:42] Error al establecer la conexión a la base de datos: Login failed for user 'AnelizEr'. ClientConnectionId:baec82b4-c7b5-43e8-a1ca-19797cc754ce
[2026-05-10 23:50:50] Error al establecer la conexión a la base de datos: Login failed for user 'AnelizEr'. ClientConnectionId:50fb3b35-3140-4679-bbd5-4b64bbb72fe1
[2026-05-10 23:53:31] Error al establecer la conexión a la base de datos: Login failed for user 'AnelizEr'. ClientConnectionId:460951cb-d953-4e1d-8b6d-f72614efba9d
[2026-05-10 23:53:33] Error al establecer la conexión a la base de datos: Login failed for user 'AnelizEr'. ClientConnectionId:80d8c580-669d-48b8-a93c-29cae7984c0a
[2026-05-10 23:54:27] Error al establecer la conexión a la base de datos: Login failed for user 'AnelizEr'. ClientConnectionId:e6030804-3b9d-4785-be13-ae4efd82247d
[2026-05-10 23:54:27] Error al establecer la conexión a la base de datos: Login failed for user 'AnelizEr'. ClientConnectionId:54cedd30-84c7-49c1-b8f1-479e8116e5c3
[2026-05-10 23:59:07] Error al establecer la conexión a la base de datos: Login failed for user 'AnelizEr'. ClientConnectionId:7019245d-a925-4d45-a991-4c6278dc6d93
[2026-05-10 23:59:07] Error al establecer la conexión a la base de datos: Login failed for user 'AnelizEr'. ClientConnectionId:5e3bb2ab-0326-4fa4-bbb7-01bd9c742418
[2026-05-10 23:59:13] Error al establecer la conexión a la base de datos: Login failed for user 'AnelizEr'. ClientConnectionId:3522dddc-8a58-41b4-af1e-e08839055bdd
[2026-05-10 23:59:13] Error al establecer la conexión a la base de datos: Login failed for user 'AnelizEr'. ClientConnectionId:c641eefa-e004-4918-886e-a1728118a931
[2026-05-11 11:15:20] Error al establecer la conexión a la base de datos: Login failed for user 'AnelizEr'. ClientConnectionId:c4758875-1205-4b6a-9cd4-9aaabca5a4fb
[2026-05-11 11:15:20] Error al establecer la conexión a la base de datos: Login failed for user 'AnelizEr'. ClientConnectionId:46198710-d515-412e-b80f-672c70759a77
[2026-05-11 11:15:24] Error al establecer la conexión a la base de datos: Login failed for user 'AnelizEr'. ClientConnectionId:94b0e724-9725-447a-84a8-aa4160b4de3e
[2026-05-11 11:15:25] Error al establecer la conexión a la base de datos: Login failed for user 'AnelizEr'. ClientConnectionId:2ec9c929-c285-431f-a74f-ebfa1da056bc
[2026-05-11 11:15:38] Error al establecer la conexión a la base de datos: Login failed for user 'AnelizEr'. ClientConnectionId:4527d374-d782-49a8-93d2-7d936fd986f4
[2026-05-11 11:15:40] Error al establecer la conexión a la base de datos: Login failed for user 'AnelizEr'. ClientConnectionId:bff18807-5143-454d-ab49-433786259e41
[2026-05-11 11:15:42] Error al establecer la conexión a la base de datos: Login failed for user 'AnelizEr'. ClientConnectionId:30fef2b6-b171-49ba-bcd3-33df2285b6ad
[2026-05-11 11:15:44] Error al establecer la conexión a la base de datos: Login failed for user 'AnelizEr'. ClientConnectionId:7f8a651f-c58b-4cb4-8433-a116de293cb6
[2026-05-11 11:15:52] Error al establecer la conexión a la base de datos: Login failed for user 'AnelizEr'. ClientConnectionId:a2d23120-23e7-4a54-b83b-982da20af2bc
[2026-05-11 11:16:09] Error al establecer la conexión a la base de datos: Login failed for user 'AnelizEr'. ClientConnectionId:cec8350f-cedb-4e84-872a-ff9bc7987b7b
[2026-05-11 11:17:44] Error al establecer la conexión a la base de datos: Login failed for user 'AnelizEr'. ClientConnectionId:d02251a0-d17c-4ea5-919b-c18275b2058b
[2026-05-11 11:17:44] Error al establecer la conexión a la base de datos: Login failed for user 'AnelizEr'. ClientConnectionId:c698343d-016f-4f7b-98ba-016a933928d3
[2026-05-11 11:18:00] Error al establecer la conexión a la base de datos: Login failed for user 'AnelizEr'. ClientConnectionId:b32ab6a1-3fea-483f-84e8-70b09dc3ba81
[2026-05-11 11:18:00] Error al establecer la conexión a la base de datos: Login failed for user 'AnelizEr'. ClientConnectionId:760d5d7d-4290-47b9-8259-36b88887a2e8
[2026-05-11 11:18:03] Error al establecer la conexión a la base de datos: Login failed for user 'AnelizEr'. ClientConnectionId:ce0ce976-e300-409e-98a2-1022f8a4bb9e
[2026-05-11 11:18:05] Error al establecer la conexión a la base de datos: Login failed for user 'AnelizEr'. ClientConnectionId:317ebec5-0b3a-4b33-885c-e80da0fab1ac
[2026-05-11 11:18:17] Error al establecer la conexión a la base de datos: Login failed for user 'AnelizEr'. ClientConnectionId:f3a32296-5abe-428f-88f9-e3e326b0322d
[2026-05-11 11:18:18] Error al establecer la conexión a la base de datos: Login failed for user 'AnelizEr'. ClientConnectionId:aca6b787-ed82-4e46-a245-b81f94ac1496
[2026-05-11 11:18:35] Error al establecer la conexión a la base de datos: Login failed for user 'AnelizEr'. ClientConnectionId:9462e823-ebc9-4e88-bc2b-64c0d24143fb
[2026-05-11 11:18:45] Error al establecer la conexión a la base de datos: Login failed for user 'AnelizEr'. ClientConnectionId:c6f4ccbf-f2cc-4d6b-9d29-780906f5ff33
[2026-05-11 11:57:07] Error al establecer la conexión a la base de datos: Login failed for user 'AnelizEr'. ClientConnectionId:d0870849-3b16-400a-94bc-823ab38de297
[2026-05-11 11:57:08] Error al establecer la conexión a la base de datos: Login failed for user 'AnelizEr'. ClientConnectionId:97c877e5-24ad-40c4-8b7e-eb1a6aa6113a
[2026-05-12 09:10:33] Error al establecer la conexión a la base de datos: Login failed for user 'AnelizEr'. ClientConnectionId:352faa5f-28b3-4c55-b8e8-2d9eb6847e2b
[2026-05-12 09:10:33] Error al validar credenciales: Error al establecer la conexión a la base de datos: Login failed for user 'AnelizEr'. ClientConnectionId:352faa5f-28b3-4c55-b8e8-2d9eb6847e2b
[2026-05-12 09:11:37] Error al establecer la conexión a la base de datos: Login failed for user 'AnelizEr'. ClientConnectionId:b4e9fe61-9832-49ce-96cd-c4f404793548
[2026-05-12 09:11:37] Error al validar credenciales: Error al establecer la conexión a la base de datos: Login failed for user 'AnelizEr'. ClientConnectionId:b4e9fe61-9832-49ce-96cd-c4f404793548
[2026-05-12 09:11:38] Error al establecer la conexión a la base de datos: Login failed for user 'AnelizEr'. ClientConnectionId:b758bcff-fb42-4141-82d2-d540178a7b4c
[2026-05-12 09:11:38] Error al insertar cliente: Error al establecer la conexión a la base de datos: Login failed for user 'AnelizEr'. ClientConnectionId:b758bcff-fb42-4141-82d2-d540178a7b4c
[2026-05-12 09:18:41] Error al establecer la conexión a la base de datos: Login failed for user 'AnelizEr'. ClientConnectionId:5b2c8f99-cedd-451f-a265-a17eebdaffb0
[2026-05-12 09:18:41] Error al validar credenciales: Error al establecer la conexión a la base de datos: Login failed for user 'AnelizEr'. ClientConnectionId:5b2c8f99-cedd-451f-a265-a17eebdaffb0
[2026-05-12 09:18:42] Error al establecer la conexión a la base de datos: Login failed for user 'AnelizEr'. ClientConnectionId:a57ec641-2e73-4637-bae4-b1be79ae7759
[2026-05-12 09:18:42] Error al insertar cliente: Error al establecer la conexión a la base de datos: Login failed for user 'AnelizEr'. ClientConnectionId:a57ec641-2e73-4637-bae4-b1be79ae7759
[2026-05-12 09:29:53] Error al establecer la conexión a la base de datos: Login failed for user 'AnelizEr'. ClientConnectionId:4d3b5a8d-10ed-4500-893b-13b9479cda70
[2026-05-12 09:29:53] Error al validar credenciales: Error al establecer la conexión a la base de datos: Login failed for user 'AnelizEr'. ClientConnectionId:4d3b5a8d-10ed-4500-893b-13b9479cda70
[2026-05-12 09:31:16] Error al establecer la conexión a la base de datos: Login failed for user 'AnelizEr'. ClientConnectionId:9a063021-8bdf-41c5-a030-9c8ee4cdf150
[2026-05-12 09:31:16] Error al validar credenciales: Error al establecer la conexión a la base de datos: Login failed for user 'AnelizEr'. ClientConnectionId:9a063021-8bdf-41c5-a030-9c8ee4cdf150
[2026-05-12 09:31:17] Error al establecer la conexión a la base de datos: Login failed for user 'AnelizEr'. ClientConnectionId:c9047f1e-4013-4b9d-ba53-72718bf2e0ef
[2026-05-12 09:31:17] Error al insertar cliente: Error al establecer la conexión a la base de datos: Login failed for user 'AnelizEr'. ClientConnectionId:c9047f1e-4013-4b9d-ba53-72718bf2e0ef
[2026-05-12 09:31:55] Error al establecer la conexión a la base de datos: Login failed for user 'AnelizEr'. ClientConnectionId:5c271e66-5fa1-46d5-afb6-0869f7cf7c8e
[2026-05-12 09:31:55] Error al validar credenciales: Error al establecer la conexión a la base de datos: Login failed for user 'AnelizEr'. ClientConnectionId:5c271e66-5fa1-46d5-afb6-0869f7cf7c8e
[2026-05-12 09:31:56] Error al establecer la conexión a la base de datos: Login failed for user 'AnelizEr'. ClientConnectionId:6db1740b-58f2-485a-af10-bca232a84c13
[2026-05-12 09:31:56] Error al insertar cliente: Error al establecer la conexión a la base de datos: Login failed for user 'AnelizEr'. ClientConnectionId:6db1740b-58f2-485a-af10-bca232a84c13
[2026-05-12 09:34:13] Error al establecer la conexión a la base de datos: Este controlador no está configurado para la autenticación integrada. ClientConnectionId:3281bd68-0577-4f92-8845-a323aa2a6eb2
[2026-05-12 09:34:13] Error al validar credenciales: Error al establecer la conexión a la base de datos: Este controlador no está configurado para la autenticación integrada. ClientConnectionId:3281bd68-0577-4f92-8845-a323aa2a6eb2
[2026-05-12 09:34:16] Error al establecer la conexión a la base de datos: Este controlador no está configurado para la autenticación integrada. ClientConnectionId:f14438a2-6e92-42fa-8523-22c05354bc0f
[2026-05-12 09:34:16] Error al validar credenciales: Error al establecer la conexión a la base de datos: Este controlador no está configurado para la autenticación integrada. ClientConnectionId:f14438a2-6e92-42fa-8523-22c05354bc0f
[2026-05-12 09:35:10] Error al establecer la conexión a la base de datos: Este controlador no está configurado para la autenticación integrada. ClientConnectionId:d3af35fb-f89e-444a-8fb7-414d01ea3343
[2026-05-12 09:35:10] Error al validar credenciales: Error al establecer la conexión a la base de datos: Este controlador no está configurado para la autenticación integrada. ClientConnectionId:d3af35fb-f89e-444a-8fb7-414d01ea3343
[2026-05-12 09:35:10] Error al establecer la conexión a la base de datos: Este controlador no está configurado para la autenticación integrada. ClientConnectionId:58688e88-30b6-4700-8658-3730f1cda185
[2026-05-12 09:35:10] Error al insertar cliente: Error al establecer la conexión a la base de datos: Este controlador no está configurado para la autenticación integrada. ClientConnectionId:58688e88-30b6-4700-8658-3730f1cda185
[2026-05-12 09:38:56] Error al establecer la conexión a la base de datos: Este controlador no está configurado para la autenticación integrada. ClientConnectionId:01eefdae-e0b6-4d89-9267-75fe91edc981
[2026-05-12 09:38:56] Error al validar credenciales: Error al establecer la conexión a la base de datos: Este controlador no está configurado para la autenticación integrada. ClientConnectionId:01eefdae-e0b6-4d89-9267-75fe91edc981
[2026-05-12 09:38:56] Error al establecer la conexión a la base de datos: Este controlador no está configurado para la autenticación integrada. ClientConnectionId:e2554690-627e-4ac2-be0e-a8d99ac33e7a
[2026-05-12 09:38:56] Error al insertar cliente: Error al establecer la conexión a la base de datos: Este controlador no está configurado para la autenticación integrada. ClientConnectionId:e2554690-627e-4ac2-be0e-a8d99ac33e7a
[2026-05-12 09:39:08] Error al establecer la conexión a la base de datos: Este controlador no está configurado para la autenticación integrada. ClientConnectionId:6165a597-a3c6-4b12-8a6b-2fedaaaeb6e5
[2026-05-12 09:39:08] Error al validar credenciales: Error al establecer la conexión a la base de datos: Este controlador no está configurado para la autenticación integrada. ClientConnectionId:6165a597-a3c6-4b12-8a6b-2fedaaaeb6e5
[2026-05-12 09:39:08] Error al establecer la conexión a la base de datos: Este controlador no está configurado para la autenticación integrada. ClientConnectionId:2966ed01-e4e0-483f-b779-8ef69467cdad
[2026-05-12 09:39:08] Error al insertar cliente: Error al establecer la conexión a la base de datos: Este controlador no está configurado para la autenticación integrada. ClientConnectionId:2966ed01-e4e0-483f-b779-8ef69467cdad
[2026-05-12 09:39:16] Error al establecer la conexión a la base de datos: Este controlador no está configurado para la autenticación integrada. ClientConnectionId:9b32974f-a611-483a-84fe-7cb1e7ebcb98
[2026-05-12 09:39:16] Error al validar credenciales: Error al establecer la conexión a la base de datos: Este controlador no está configurado para la autenticación integrada. ClientConnectionId:9b32974f-a611-483a-84fe-7cb1e7ebcb98
[2026-05-12 09:39:16] Error al establecer la conexión a la base de datos: Este controlador no está configurado para la autenticación integrada. ClientConnectionId:482fc182-39be-48a9-939f-d52b2558cb69
[2026-05-12 09:39:16] Error al insertar cliente: Error al establecer la conexión a la base de datos: Este controlador no está configurado para la autenticación integrada. ClientConnectionId:482fc182-39be-48a9-939f-d52b2558cb69
[2026-05-12 09:39:22] Error al establecer la conexión a la base de datos: Este controlador no está configurado para la autenticación integrada. ClientConnectionId:a2a2669d-d5b1-476a-a56f-584f30a82f1f
[2026-05-12 09:39:22] Error al validar credenciales: Error al establecer la conexión a la base de datos: Este controlador no está configurado para la autenticación integrada. ClientConnectionId:a2a2669d-d5b1-476a-a56f-584f30a82f1f
[2026-05-12 09:39:22] Error al establecer la conexión a la base de datos: Este controlador no está configurado para la autenticación integrada. ClientConnectionId:1e2ca927-a946-4a4f-b98d-3fb9773d10fe
[2026-05-12 09:39:22] Error al insertar cliente: Error al establecer la conexión a la base de datos: Este controlador no está configurado para la autenticación integrada. ClientConnectionId:1e2ca927-a946-4a4f-b98d-3fb9773d10fe
[2026-05-12 09:43:06] Error al establecer la conexión a la base de datos: Login failed for user 'AnelizEr'. ClientConnectionId:462c3564-a7c7-43ca-b016-9a212cb61765
[2026-05-12 09:43:19] Error al establecer la conexión a la base de datos: Login failed for user 'AnelizEr'. ClientConnectionId:e1a090f1-c49b-4b45-bc79-3aa837d97b5f
[2026-05-12 09:43:19] Error al establecer la conexión a la base de datos: Login failed for user 'AnelizEr'. ClientConnectionId:561bb0a6-c66b-4ae1-b46b-8ed85f39ac92
[2026-05-12 09:43:38] Error al establecer la conexión a la base de datos: Login failed for user 'AnelizEr'. ClientConnectionId:bda9541f-cb95-4350-a911-dc2eeb332e72
[2026-05-12 09:44:08] Error al establecer la conexión a la base de datos: Login failed for user 'AnelizEr'. ClientConnectionId:fb465aa6-81d7-477d-a5a5-e3839beb9c84
[2026-05-12 09:44:08] Error al establecer la conexión a la base de datos: Login failed for user 'AnelizEr'. ClientConnectionId:d0a58b17-3ea2-437f-821b-c5de467a69cc
[2026-05-12 09:44:09] Error al establecer la conexión a la base de datos: Login failed for user 'AnelizEr'. ClientConnectionId:484b7ce2-425e-4e4a-8fc3-d69cbf0ea3ba
[2026-05-12 09:44:14] Error al establecer la conexión a la base de datos: Login failed for user 'AnelizEr'. ClientConnectionId:3583b4ee-da39-409a-849a-6fbcb072d3b4
[2026-05-12 09:44:14] Error al establecer la conexión a la base de datos: Login failed for user 'AnelizEr'. ClientConnectionId:2ce1665f-d6ea-4cc0-9aec-8bcbf132ed86
[2026-05-12 09:44:21] Error al establecer la conexión a la base de datos: Login failed for user 'AnelizEr'. ClientConnectionId:7f071841-b563-4f89-ad7d-741842084ed3
[2026-05-12 09:44:23] Error al establecer la conexión a la base de datos: Login failed for user 'AnelizEr'. ClientConnectionId:a5d22b29-03cc-4078-af27-62592c26e6ab
[2026-05-12 09:44:38] Error al establecer la conexión a la base de datos: Login failed for user 'AnelizEr'. ClientConnectionId:becc6d4c-4655-45c5-9a33-40be634619d9
[2026-05-12 09:45:08] Error al establecer la conexión a la base de datos: Login failed for user 'AnelizEr'. ClientConnectionId:bac5b51c-cfb9-4749-a2a7-ba9cece1f7ab
[2026-05-12 09:45:38] Error al establecer la conexión a la base de datos: Login failed for user 'AnelizEr'. ClientConnectionId:813a4175-2846-495c-9416-cce243e7770e
[2026-05-12 09:45:59] Error al establecer la conexión a la base de datos: Login failed for user 'AnelizEr'. ClientConnectionId:56872fa8-2dde-4fd1-ba82-14a40187aee1
[2026-05-12 09:46:08] Error al establecer la conexión a la base de datos: Login failed for user 'AnelizEr'. ClientConnectionId:c63dfab2-1e28-473f-8565-d17bd1db66dd
[2026-05-12 09:47:35] Error al establecer la conexión a la base de datos: Login failed for user 'AnelizEr'. ClientConnectionId:0185af4a-e92c-493c-8bc6-9e192aa15213
[2026-05-12 09:47:47] Error al establecer la conexión a la base de datos: Login failed for user 'AnelizEr'. ClientConnectionId:a61cb2fe-f232-4cb0-911c-1b8700c64f34
[2026-05-12 09:47:48] Error al establecer la conexión a la base de datos: Login failed for user 'AnelizEr'. ClientConnectionId:907819ec-f809-450c-aae4-85c60957141f
[2026-05-12 09:49:38] Error al establecer la conexión a la base de datos: Login failed for user 'AnelizEr'. ClientConnectionId:c8bbb782-810d-4d24-bb47-3717d41dbcd7
[2026-05-12 09:49:48] Error al establecer la conexión a la base de datos: Login failed for user 'AnelizEr'. ClientConnectionId:cce948b8-eb0d-491c-aacc-e45e3b534dd0
[2026-05-12 09:49:48] Error al establecer la conexión a la base de datos: Login failed for user 'AnelizEr'. ClientConnectionId:e3b70367-f551-41f1-ac4b-392b745834cd
[2026-05-12 14:51:49] Error al establecer la conexión a la base de datos: Login failed for user 'AnelizEr'. ClientConnectionId:e5ff0cdb-ce08-4dbb-8035-13460360ee41
[2026-05-12 14:52:04] Error al establecer la conexión a la base de datos: Login failed for user 'AnelizEr'. ClientConnectionId:130478ab-8409-4505-9fa1-20a5979c1dd2
[2026-05-12 14:52:04] Error al establecer la conexión a la base de datos: Login failed for user 'AnelizEr'. ClientConnectionId:e8c2bcfc-cf74-4541-b283-b68fe32055b1
[2026-05-12 14:52:24] Error al establecer la conexión a la base de datos: Login failed for user 'AnelizEr'. ClientConnectionId:b52e0849-f0b8-4f00-b656-b57fd12164d2
[2026-05-12 14:52:24] Error al establecer la conexión a la base de datos: Login failed for user 'AnelizEr'. ClientConnectionId:af087482-3160-47f9-8fdf-f32defc58736
[2026-05-12 14:52:28] Error al establecer la conexión a la base de datos: Login failed for user 'AnelizEr'. ClientConnectionId:a43e38d2-2365-461c-ac05-297d49cf64eb
[2026-05-12 14:52:45] Error al establecer la conexión a la base de datos: Login failed for user 'AnelizEr'. ClientConnectionId:fa6d82e4-a41a-408d-abae-ebcc3b31e7e9
[2026-05-12 14:52:46] Error al establecer la conexión a la base de datos: Login failed for user 'AnelizEr'. ClientConnectionId:e61d2ded-0af3-4a98-b759-e51a8bf76315
[2026-05-12 14:52:54] Error al establecer la conexión a la base de datos: Login failed for user 'AnelizEr'. ClientConnectionId:42a3b3fb-89fc-4135-8892-1fe49cb39df7
[2026-05-12 14:53:00] Error al establecer la conexión a la base de datos: Login failed for user 'AnelizEr'. ClientConnectionId:f6d5d0d8-bdc8-469d-98cb-568800e2cdcc
[2026-05-12 14:53:03] Error al establecer la conexión a la base de datos: Login failed for user 'AnelizEr'. ClientConnectionId:8aa9a6cc-6153-4025-b6c2-0c56277af6aa
[2026-05-12 14:53:24] Error al establecer la conexión a la base de datos: Login failed for user 'AnelizEr'. ClientConnectionId:af5483d4-6adf-41e8-b0a4-6d31ce32cf28
[2026-05-12 14:53:48] Error al establecer la conexión a la base de datos: Login failed for user 'AnelizEr'. ClientConnectionId:f14451ca-8d93-4b08-a06d-07fcedb6203d
[2026-05-12 14:53:54] Error al establecer la conexión a la base de datos: Login failed for user 'AnelizEr'. ClientConnectionId:bd287a95-b6ef-4609-a14f-202fb025c7d7
[2026-05-12 14:54:05] Error al establecer la conexión a la base de datos: Login failed for user 'AnelizEr'. ClientConnectionId:6a419f11-9693-4961-b5c8-ba4033e1f263
[2026-05-12 14:54:06] Error al establecer la conexión a la base de datos: Login failed for user 'AnelizEr'. ClientConnectionId:8296bfbc-e8e8-4228-b50f-8fea381bf24e
